Launching lib\main.dart on Chrome in debug mode...
Waiting for connection from debug service on Chrome...          
Waiting for connection from debug service on Chrome...             27.6s
