Resolving dependencies...
Downloading packages...
  _flutterfire_internals 1.3.59 (1.3.66 available)
  characters 1.4.0 (1.4.1 available)
  cloud_firestore 5.6.12 (6.1.2 available)
  cloud_firestore_platform_interface 6.6.12 (7.0.6 available)
  cloud_firestore_web 4.4.12 (5.1.2 available)
  ffi 2.1.5 (2.2.0 available)
  firebase_auth 5.7.0 (6.1.4 available)
  firebase_auth_platform_interface 7.7.3 (8.1.6 available)
  firebase_auth_web 5.15.3 (6.1.2 available)
  firebase_core 3.15.2 (4.4.0 available)
  firebase_core_web 2.24.1 (3.4.0 available)
  firebase_storage 12.4.10 (13.0.6 available)
  firebase_storage_platform_interface 5.2.10 (5.2.17 available)
  firebase_storage_web 3.10.17 (3.11.2 available)
  get_it 8.3.0 (9.2.1 available)
  hooks 1.0.0 (1.0.1 available)
  matcher 0.12.17 (0.12.18 available)
  material_color_utilities 0.11.1 (0.13.0 available)
  meta 1.17.0 (1.18.1 available)
  objective_c 9.2.5 (9.3.0 available)
  source_span 1.10.1 (1.10.2 available)
  test_api 0.7.7 (0.7.9 available)
Got dependencies!
22 packages have newer versions incompatible with dependency constraints.
Try `flutter pub outdated` for more information.
Analyzing kasc aravind...                                       

   info - 'withOpacity' is deprecated and shouldn't be used. Use .withValues() to avoid precision loss - lib\features\property\presentation\pages\add_property_view.dart:173:55 - deprecated_member_use
   info - Don't use 'BuildContext's across async gaps - lib\features\property\presentation\pages\home_view.dart:26:39 - use_build_context_synchronously
   info - Statements in an if should be enclosed in a block - lib\features\property\presentation\pages\home_view.dart:135:47 - curly_braces_in_flow_control_structures
   info - Statements in an if should be enclosed in a block - lib\features\property\presentation\pages\home_view.dart:136:67 - curly_braces_in_flow_control_structures
   info - Unnecessary use of multiple underscores - lib\features\property\presentation\pages\home_view.dart:213:39 - unnecessary_underscores
   info - 'withOpacity' is deprecated and shouldn't be used. Use .withValues() to avoid precision loss - lib\features\property\presentation\pages\home_view.dart:250:65 - deprecated_member_use
   info - Unnecessary use of multiple underscores - lib\features\property\presentation\pages\home_view.dart:368:35 - unnecessary_underscores
   info - 'withOpacity' is deprecated and shouldn't be used. Use .withValues() to avoid precision loss - lib\features\property\presentation\pages\landing_view.dart:30:32 - deprecated_member_use
   info - 'withOpacity' is deprecated and shouldn't be used. Use .withValues() to avoid precision loss - lib\features\property\presentation\pages\landing_view.dart:32:32 - deprecated_member_use
   info - 'withOpacity' is deprecated and shouldn't be used. Use .withValues() to avoid precision loss - lib\features\property\presentation\pages\landing_view.dart:63:41 - deprecated_member_use
   info - 'withOpacity' is deprecated and shouldn't be used. Use .withValues() to avoid precision loss - lib\features\property\presentation\pages\property_details_view.dart:226:35 - deprecated_member_use
   info - Unnecessary use of multiple underscores - lib\features\property\presentation\pages\search_view.dart:150:33 - unnecessary_underscores
  error - Undefined class 'PropertyEntity' - lib\features\property\presentation\pages\search_view.dart:166:3 - undefined_class
  error - Undefined class 'PropertyEntity' - lib\features\property\presentation\pages\search_view.dart:203:48 - undefined_class
  error - Undefined class 'PropertyEntity' - lib\features\property\presentation\pages\search_view.dart:226:31 - undefined_class
   info - 'withOpacity' is deprecated and shouldn't be used. Use .withValues() to avoid precision loss - lib\features\property\presentation\widgets\custom_bottom_nav.dart:49:61 - deprecated_member_use
   info - 'withOpacity' is deprecated and shouldn't be used. Use .withValues() to avoid precision loss - lib\features\property\presentation\widgets\filter_modal.dart:117:50 - deprecated_member_use
   info - 'withOpacity' is deprecated and shouldn't be used. Use .withValues() to avoid precision loss - lib\features\property\presentation\widgets\ninety_nine_acres_widgets.dart:124:51 - deprecated_member_use
   info - 'withOpacity' is deprecated and shouldn't be used. Use .withValues() to avoid precision loss - lib\features\property\presentation\widgets\ninety_nine_acres_widgets.dart:178:33 - deprecated_member_use
   info - 'withOpacity' is deprecated and shouldn't be used. Use .withValues() to avoid precision loss - lib\features\property\presentation\widgets\property_card.dart:44:57 - deprecated_member_use
warning - Unused import: 'package:firebase_core/firebase_core.dart' - lib\main.dart:2:8 - unused_import
warning - Unused import: 'features/property/presentation/pages/home_view.dart' - lib\main.dart:5:8 - unused_import

